// Jest Snapshot v1, https://goo.gl/fbAQLP

exports[`Display component test should take a snapshot 1`] = `<DocumentFragment />`;
