// Jest Snapshot v1, https://goo.gl/fbAQLP

exports[`App component test take a snapshot 1`] = `<DocumentFragment />`;
